// Jest Snapshot v1, https://goo.gl/fbAQLP

exports[`Home page matches snapshot 1`] = `
<DocumentFragment>
  <div
    class="misaki"
  >
    <div
      class="container mx-auto items-center p-5 border-black border-4 m-0 md:m-5 md:mb-0"
    >
      <h1
        class="text-4xl"
      >
        MONOE Song Search
      </h1>
      <div
        class="flex flex-col md:flex-row md:items-end"
      >
        <div
          class="nes-field flex-grow md:max-w-2xl"
        >
          <input
            class="nes-input h-12"
            id="name_field"
            placeholder="曲名、アーティスト"
            type="text"
            value=""
          />
        </div>
        <div>
          <label
            class="ml-3 text-lg md:text-xl"
          >
            <input
              checked=""
              class="nes-radio"
              name="answer"
              type="radio"
            />
            <span>
              新しい順
            </span>
          </label>
          <label
            class="text-lg md:text-xl"
          >
            <input
              class="nes-radio"
              name="answer"
              type="radio"
            />
            <span>
              古い順
            </span>
          </label>
        </div>
      </div>
      <div
        class="nes-table-responsive mt-5"
      >
        <table
          class="nes-table is-bordered table-fixed w-auto md:w-11/12"
        >
          <thead>
            <tr>
              <th
                class="w-auto md:w-10"
              >
                #
              </th>
              <th
                class="w-1/2 md:w-1/3"
              >
                アーティスト
              </th>
              <th
                class="w-auto"
              >
                曲名
              </th>
            </tr>
          </thead>
          <tbody>
            <tr>
              <td>
                #8
              </td>
              <td>
                まふまふ
              </td>
              <td>
                <a
                  href="https://youtu.be/n_DdqP65APY?&t=374s"
                  rel="noopener noreferrer"
                  target="_blank"
                >
                  女の子になりたい
                </a>
              </td>
            </tr>
            <tr>
              <td>
                #8
              </td>
              <td>
                女の子になりたい
              </td>
              <td>
                <a
                  href="https://youtu.be/n_DdqP65APY?&t=1486s"
                  rel="noopener noreferrer"
                  target="_blank"
                >
                  愛欲のプリズナー
                </a>
              </td>
            </tr>
            <tr>
              <td>
                #8
              </td>
              <td>
                米津玄師
              </td>
              <td>
                <a
                  href="https://youtu.be/n_DdqP65APY?&t=2058s"
                  rel="noopener noreferrer"
                  target="_blank"
                >
                  Lemon
                </a>
              </td>
            </tr>
            <tr>
              <td>
                #8
              </td>
              <td>
                亜沙
              </td>
              <td>
                <a
                  href="https://youtu.be/n_DdqP65APY?&t=2645s"
                  rel="noopener noreferrer"
                  target="_blank"
                >
                  吉原ラメント
                </a>
              </td>
            </tr>
            <tr>
              <td>
                #8
              </td>
              <td>
                IOSYS
              </td>
              <td>
                <a
                  href="https://youtu.be/n_DdqP65APY?&t=3146s"
                  rel="noopener noreferrer"
                  target="_blank"
                >
                  チルノのパーフェクトさんすう教室
                </a>
              </td>
            </tr>
            <tr>
              <td>
                #8
              </td>
              <td>
                しも
              </td>
              <td>
                <a
                  href="https://youtu.be/n_DdqP65APY?&t=3925s"
                  rel="noopener noreferrer"
                  target="_blank"
                >
                  ニコニコ動画流星群
                </a>
              </td>
            </tr>
            <tr>
              <td>
                #8
              </td>
              <td>
                syudou
              </td>
              <td>
                <a
                  href="https://youtu.be/n_DdqP65APY?&t=5353s"
                  rel="noopener noreferrer"
                  target="_blank"
                >
                  コールボーイ
                </a>
              </td>
            </tr>
            <tr>
              <td>
                #7
              </td>
              <td>
                まふまふ
              </td>
              <td>
                <a
                  href="https://youtu.be/YEOfo3_MGCA?&t=374s"
                  rel="noopener noreferrer"
                  target="_blank"
                >
                  女の子になりたい
                </a>
              </td>
            </tr>
            <tr>
              <td>
                #7
              </td>
              <td>
                女の子になりたい
              </td>
              <td>
                <a
                  href="https://youtu.be/YEOfo3_MGCA?&t=1486s"
                  rel="noopener noreferrer"
                  target="_blank"
                >
                  愛欲のプリズナー
                </a>
              </td>
            </tr>
            <tr>
              <td>
                #7
              </td>
              <td>
                米津玄師
              </td>
              <td>
                <a
                  href="https://youtu.be/YEOfo3_MGCA?&t=2058s"
                  rel="noopener noreferrer"
                  target="_blank"
                >
                  Lemon
                </a>
              </td>
            </tr>
            <tr>
              <td>
                #7
              </td>
              <td>
                亜沙
              </td>
              <td>
                <a
                  href="https://youtu.be/YEOfo3_MGCA?&t=2645s"
                  rel="noopener noreferrer"
                  target="_blank"
                >
                  吉原ラメント
                </a>
              </td>
            </tr>
            <tr>
              <td>
                #7
              </td>
              <td>
                IOSYS
              </td>
              <td>
                <a
                  href="https://youtu.be/YEOfo3_MGCA?&t=3146s"
                  rel="noopener noreferrer"
                  target="_blank"
                >
                  チルノのパーフェクトさんすう教室
                </a>
              </td>
            </tr>
            <tr>
              <td>
                #7
              </td>
              <td>
                しも
              </td>
              <td>
                <a
                  href="https://youtu.be/YEOfo3_MGCA?&t=3925s"
                  rel="noopener noreferrer"
                  target="_blank"
                >
                  ニコニコ動画流星群
                </a>
              </td>
            </tr>
            <tr>
              <td>
                #7
              </td>
              <td>
                syudou
              </td>
              <td>
                <a
                  href="https://youtu.be/YEOfo3_MGCA?&t=5353s"
                  rel="noopener noreferrer"
                  target="_blank"
                >
                  コールボーイ
                </a>
              </td>
            </tr>
            <tr>
              <td>
                #6
              </td>
              <td>
                すりぃ
              </td>
              <td>
                <a
                  href="https://youtu.be/ZiX7PXiLNKI?&t=290s"
                  rel="noopener noreferrer"
                  target="_blank"
                >
                  右に曲ガール
                </a>
              </td>
            </tr>
            <tr>
              <td>
                #6
              </td>
              <td>
                YOASOBI
              </td>
              <td>
                <a
                  href="https://youtu.be/ZiX7PXiLNKI?&t=696s"
                  rel="noopener noreferrer"
                  target="_blank"
                >
                  ハルジオン
                </a>
              </td>
            </tr>
            <tr>
              <td>
                #6
              </td>
              <td>
                ニュー速VIP作曲スレ
              </td>
              <td>
                <a
                  href="https://youtu.be/ZiX7PXiLNKI?&t=1054s"
                  rel="noopener noreferrer"
                  target="_blank"
                >
                  RAINBOW GIRL
                </a>
              </td>
            </tr>
            <tr>
              <td>
                #6
              </td>
              <td>
                かいりきベア
              </td>
              <td>
                <a
                  href="https://youtu.be/ZiX7PXiLNKI?&t=1344s"
                  rel="noopener noreferrer"
                  target="_blank"
                >
                  ルマ
                </a>
              </td>
            </tr>
            <tr>
              <td>
                #6
              </td>
              <td>
                まふまふ
              </td>
              <td>
                <a
                  href="https://youtu.be/ZiX7PXiLNKI?&t=1732s"
                  rel="noopener noreferrer"
                  target="_blank"
                >
                  猛独が襲う
                </a>
              </td>
            </tr>
            <tr>
              <td>
                #6
              </td>
              <td>
                koyori
              </td>
              <td>
                <a
                  href="https://youtu.be/ZiX7PXiLNKI?&t=1971s"
                  rel="noopener noreferrer"
                  target="_blank"
                >
                  独りんぼエンヴィー
                </a>
              </td>
            </tr>
            <tr>
              <td>
                #6
              </td>
              <td>
                いきものがかり
              </td>
              <td>
                <a
                  href="https://youtu.be/ZiX7PXiLNKI?&t=2794s"
                  rel="noopener noreferrer"
                  target="_blank"
                >
                  ブルーバード
                </a>
              </td>
            </tr>
            <tr>
              <td>
                #6
              </td>
              <td>
                きくお
              </td>
              <td>
                <a
                  href="https://youtu.be/ZiX7PXiLNKI?&t=3195s"
                  rel="noopener noreferrer"
                  target="_blank"
                >
                  愛して愛して愛して
                </a>
              </td>
            </tr>
            <tr>
              <td>
                #6
              </td>
              <td>
                みきとP
              </td>
              <td>
                <a
                  href="https://youtu.be/ZiX7PXiLNKI?&t=3620s"
                  rel="noopener noreferrer"
                  target="_blank"
                >
                  バレリーコ
                </a>
              </td>
            </tr>
            <tr>
              <td>
                #6
              </td>
              <td>
                n-buna
              </td>
              <td>
                <a
                  href="https://youtu.be/ZiX7PXiLNKI?&t=4290s"
                  rel="noopener noreferrer"
                  target="_blank"
                >
                  夜明けと蛍
                </a>
              </td>
            </tr>
            <tr>
              <td>
                #6
              </td>
              <td>
                ナナホシ管弦楽団
              </td>
              <td>
                <a
                  href="https://youtu.be/ZiX7PXiLNKI?&t=4743s"
                  rel="noopener noreferrer"
                  target="_blank"
                >
                  失楽ペトリ
                </a>
              </td>
            </tr>
            <tr>
              <td>
                #6
              </td>
              <td>
                syudou
              </td>
              <td>
                <a
                  href="https://youtu.be/ZiX7PXiLNKI?&t=5127s"
                  rel="noopener noreferrer"
                  target="_blank"
                >
                  ビターチョコデコレーション
                </a>
              </td>
            </tr>
            <tr>
              <td>
                #6
              </td>
              <td>
                日向電工
              </td>
              <td>
                <a
                  href="https://youtu.be/ZiX7PXiLNKI?&t=5395s"
                  rel="noopener noreferrer"
                  target="_blank"
                >
                  ブリキノダンス
                </a>
              </td>
            </tr>
            <tr>
              <td>
                #6
              </td>
              <td>
                DIVELA
              </td>
              <td>
                <a
                  href="https://youtu.be/ZiX7PXiLNKI?&t=5730s"
                  rel="noopener noreferrer"
                  target="_blank"
                >
                  ぼかろころしあむ
                </a>
              </td>
            </tr>
            <tr>
              <td>
                #6
              </td>
              <td>
                King Gnu
              </td>
              <td>
                <a
                  href="https://youtu.be/ZiX7PXiLNKI?&t=5992s"
                  rel="noopener noreferrer"
                  target="_blank"
                >
                  白日
                </a>
              </td>
            </tr>
            <tr>
              <td>
                #6
              </td>
              <td>
                一二三
              </td>
              <td>
                <a
                  href="https://youtu.be/ZiX7PXiLNKI?&t=6740s"
                  rel="noopener noreferrer"
                  target="_blank"
                >
                  美しく闇
                </a>
              </td>
            </tr>
            <tr>
              <td>
                #5
              </td>
              <td>
                すりぃ
              </td>
              <td>
                <a
                  href="https://youtu.be/1OOjOPvxt28?&t=176s"
                  rel="noopener noreferrer"
                  target="_blank"
                >
                  ジャンキーナイトタウンオーケストラ
                </a>
              </td>
            </tr>
            <tr>
              <td>
                #5
              </td>
              <td>
                カンザキイオリ
              </td>
              <td>
                <a
                  href="https://youtu.be/1OOjOPvxt28?&t=780s"
                  rel="noopener noreferrer"
                  target="_blank"
                >
                  命に嫌われている
                </a>
              </td>
            </tr>
            <tr>
              <td>
                #5
              </td>
              <td>
                Ayase
              </td>
              <td>
                <a
                  href="https://youtu.be/1OOjOPvxt28?&t=1724s"
                  rel="noopener noreferrer"
                  target="_blank"
                >
                  幽霊東京
                </a>
              </td>
            </tr>
            <tr>
              <td>
                #5
              </td>
              <td>
                Junky
              </td>
              <td>
                <a
                  href="https://youtu.be/1OOjOPvxt28?&t=3140s"
                  rel="noopener noreferrer"
                  target="_blank"
                >
                  メランコリック
                </a>
              </td>
            </tr>
            <tr>
              <td>
                #5
              </td>
              <td>
                てにをは
              </td>
              <td>
                <a
                  href="https://youtu.be/1OOjOPvxt28?&t=3724s"
                  rel="noopener noreferrer"
                  target="_blank"
                >
                  ヴィラン
                </a>
              </td>
            </tr>
            <tr>
              <td>
                #4
              </td>
              <td>
                ナユタン星人
              </td>
              <td>
                <a
                  href="https://youtu.be/JmHY5OqfRVI?&t=145s"
                  rel="noopener noreferrer"
                  target="_blank"
                >
                  彗星ハネムーン
                </a>
              </td>
            </tr>
            <tr>
              <td>
                #4
              </td>
              <td>
                DIVELA
              </td>
              <td>
                <a
                  href="https://youtu.be/JmHY5OqfRVI?&t=985s"
                  rel="noopener noreferrer"
                  target="_blank"
                >
                  ぼかろころしあむ
                </a>
              </td>
            </tr>
            <tr>
              <td>
                #4
              </td>
              <td>
                薄塩指数
              </td>
              <td>
                <a
                  href="https://youtu.be/JmHY5OqfRVI?&t=1385s"
                  rel="noopener noreferrer"
                  target="_blank"
                >
                  つらい！やばい！つらい！
                </a>
              </td>
            </tr>
            <tr>
              <td>
                #4
              </td>
              <td>
                すりぃ
              </td>
              <td>
                <a
                  href="https://youtu.be/JmHY5OqfRVI?&t=3570s"
                  rel="noopener noreferrer"
                  target="_blank"
                >
                  テレキャスタービーボーイ
                </a>
              </td>
            </tr>
            <tr>
              <td>
                #4
              </td>
              <td>
                Last Note.
              </td>
              <td>
                <a
                  href="https://youtu.be/JmHY5OqfRVI?&t=4480s"
                  rel="noopener noreferrer"
                  target="_blank"
                >
                  セツナトリップ
                </a>
              </td>
            </tr>
            <tr>
              <td>
                #3
              </td>
              <td>
                syoudou
              </td>
              <td>
                <a
                  href="https://youtu.be/oY37CTruDXk?&t=352s"
                  rel="noopener noreferrer"
                  target="_blank"
                >
                  孤独の宗教
                </a>
              </td>
            </tr>
            <tr>
              <td>
                #3
              </td>
              <td>
                柊キライ
              </td>
              <td>
                <a
                  href="https://youtu.be/oY37CTruDXk?&t=828s"
                  rel="noopener noreferrer"
                  target="_blank"
                >
                  ポッカデラベリタ
                </a>
              </td>
            </tr>
            <tr>
              <td>
                #3
              </td>
              <td>
                ギガP
              </td>
              <td>
                <a
                  href="https://youtu.be/oY37CTruDXk?&t=1481s"
                  rel="noopener noreferrer"
                  target="_blank"
                >
                  劣等上等
                </a>
              </td>
            </tr>
            <tr>
              <td>
                #3
              </td>
              <td>
                Eight
              </td>
              <td>
                <a
                  href="https://youtu.be/oY37CTruDXk?&t=3370s"
                  rel="noopener noreferrer"
                  target="_blank"
                >
                  とても素敵な六月でした
                </a>
              </td>
            </tr>
            <tr>
              <td>
                #3
              </td>
              <td>
                minato
              </td>
              <td>
                <a
                  href="https://youtu.be/oY37CTruDXk?&t=3978s"
                  rel="noopener noreferrer"
                  target="_blank"
                >
                  magnet
                </a>
              </td>
            </tr>
            <tr>
              <td>
                #2
              </td>
              <td>
                みきとP
              </td>
              <td>
                <a
                  href="https://youtu.be/lXGom5pjK6Q?&t=260s"
                  rel="noopener noreferrer"
                  target="_blank"
                >
                  少女レイ
                </a>
              </td>
            </tr>
            <tr>
              <td>
                #2
              </td>
              <td>
                みきとP
              </td>
              <td>
                <a
                  href="https://youtu.be/lXGom5pjK6Q?&t=995s"
                  rel="noopener noreferrer"
                  target="_blank"
                >
                  ロキ
                </a>
              </td>
            </tr>
            <tr>
              <td>
                #2
              </td>
              <td>
                WOWAKA
              </td>
              <td>
                <a
                  href="https://youtu.be/lXGom5pjK6Q?&t=1772s"
                  rel="noopener noreferrer"
                  target="_blank"
                >
                  裏表ラバーズ
                </a>
              </td>
            </tr>
            <tr>
              <td>
                #2
              </td>
              <td>
                Ayase
              </td>
              <td>
                <a
                  href="https://youtu.be/lXGom5pjK6Q?&t=2724s"
                  rel="noopener noreferrer"
                  target="_blank"
                >
                  シニカルナイトプラン
                </a>
              </td>
            </tr>
            <tr>
              <td>
                #2
              </td>
              <td>
                カラスヤサボウ
              </td>
              <td>
                <a
                  href="https://youtu.be/lXGom5pjK6Q?&t=2226s"
                  rel="noopener noreferrer"
                  target="_blank"
                >
                  天才ロック
                </a>
              </td>
            </tr>
            <tr>
              <td>
                #1
              </td>
              <td>
                須田景凪(バルーン)
              </td>
              <td>
                <a
                  href="https://youtu.be/eoqcL7-iRbc?&t=520s"
                  rel="noopener noreferrer"
                  target="_blank"
                >
                  シャルル
                </a>
              </td>
            </tr>
            <tr>
              <td>
                #1
              </td>
              <td>
                柊キライ
              </td>
              <td>
                <a
                  href="https://youtu.be/eoqcL7-iRbc?&t=974s"
                  rel="noopener noreferrer"
                  target="_blank"
                >
                  エバ
                </a>
              </td>
            </tr>
            <tr>
              <td>
                #1
              </td>
              <td>
                カンザキイオリ
              </td>
              <td>
                <a
                  href="https://youtu.be/eoqcL7-iRbc?&t=1663s"
                  rel="noopener noreferrer"
                  target="_blank"
                >
                  命に嫌われている（一回目）
                </a>
              </td>
            </tr>
            <tr>
              <td>
                #1
              </td>
              <td>
                カンザキイオリ
              </td>
              <td>
                <a
                  href="https://youtu.be/eoqcL7-iRbc?&t=2117s"
                  rel="noopener noreferrer"
                  target="_blank"
                >
                  命に嫌われている（二回目）
                </a>
              </td>
            </tr>
            <tr>
              <td>
                #1
              </td>
              <td>
                カンザキイオリ
              </td>
              <td>
                <a
                  href="https://youtu.be/eoqcL7-iRbc?&t=2226s"
                  rel="noopener noreferrer"
                  target="_blank"
                >
                  命に嫌われている（三回目）
                </a>
              </td>
            </tr>
            <tr>
              <td>
                #1
              </td>
              <td>
                カンザキイオリ
              </td>
              <td>
                <a
                  href="https://youtu.be/eoqcL7-iRbc?&t=2333s"
                  rel="noopener noreferrer"
                  target="_blank"
                >
                  命に嫌われている（四回目）
                </a>
              </td>
            </tr>
            <tr>
              <td>
                #1
              </td>
              <td>
                カンザキイオリ
              </td>
              <td>
                <a
                  href="https://youtu.be/eoqcL7-iRbc?&t=2563s"
                  rel="noopener noreferrer"
                  target="_blank"
                >
                  命に嫌われている（五回目）
                </a>
              </td>
            </tr>
            <tr>
              <td>
                #1
              </td>
              <td>
                カンザキイオリ
              </td>
              <td>
                <a
                  href="https://youtu.be/eoqcL7-iRbc?&t=2672s"
                  rel="noopener noreferrer"
                  target="_blank"
                >
                  命に嫌われている（六回目）
                </a>
              </td>
            </tr>
            <tr>
              <td>
                #1
              </td>
              <td>
                カンザキイオリ
              </td>
              <td>
                <a
                  href="https://youtu.be/eoqcL7-iRbc?&t=2865s"
                  rel="noopener noreferrer"
                  target="_blank"
                >
                  命に嫌われている（七回目）
                </a>
              </td>
            </tr>
            <tr>
              <td>
                #1
              </td>
              <td>
                ナユタン星人
              </td>
              <td>
                <a
                  href="https://youtu.be/eoqcL7-iRbc?&t=3137s"
                  rel="noopener noreferrer"
                  target="_blank"
                >
                  太陽系デスコ
                </a>
              </td>
            </tr>
          </tbody>
        </table>
      </div>
    </div>
    <footer
      class="container flex flex-row-reverse items-end"
    >
      <a
        href="https://twitter.com/dairappa"
        rel="noopener noreferrer"
        target="_blank"
      >
        Created by @dairappa
      </a>
    </footer>
  </div>
</DocumentFragment>
`;
